[2026-05-15 19:19:20,403] JoaoGabriel/INFO/locust.main: Starting Locust 2.43.3
[2026-05-15 19:19:20,411] JoaoGabriel/INFO/locust.main: Run time limit set to 120 seconds
[2026-05-15 19:19:20,417] JoaoGabriel/WARNING/root: Exception in keyboard input poller: cannot access free variable 'url' where it is not associated with a value in enclosing scope
[2026-05-15 19:19:20,418] JoaoGabriel/INFO/linkextractor: ============================================================
[2026-05-15 19:19:20,418] JoaoGabriel/INFO/linkextractor:   TESTE INICIADO
[2026-05-15 19:19:20,418] JoaoGabriel/INFO/linkextractor:   Host alvo   : http://localhost:5001
[2026-05-15 19:19:20,419] JoaoGabriel/INFO/linkextractor:   Usuários    : 350
[2026-05-15 19:19:20,419] JoaoGabriel/INFO/linkextractor:   URLs/ciclo  : 10
[2026-05-15 19:19:20,419] JoaoGabriel/INFO/linkextractor: ============================================================
[2026-05-15 19:19:20,419] JoaoGabriel/INFO/locust.runners: Ramping to 350 users at a rate of 5.00 per second
[2026-05-15 19:20:29,867] JoaoGabriel/INFO/locust.runners: All users spawned: {"LinkExtractorUser": 350} (350 total users)
[2026-05-15 19:21:08,230] JoaoGabriel/WARNING/linkextractor: Status inesperado 0 para https://redis.io/
[2026-05-15 19:21:09,614] JoaoGabriel/WARNING/linkextractor: Status inesperado 0 para https://redis.io/
[2026-05-15 19:21:13,596] JoaoGabriel/WARNING/linkextractor: Status inesperado 0 para https://redis.io/
[2026-05-15 19:21:14,561] JoaoGabriel/WARNING/linkextractor: Status inesperado 0 para https://redis.io/
[2026-05-15 19:21:14,563] JoaoGabriel/WARNING/linkextractor: Status inesperado 0 para https://redis.io/
[2026-05-15 19:21:14,566] JoaoGabriel/WARNING/linkextractor: Status inesperado 0 para https://redis.io/
[2026-05-15 19:21:14,573] JoaoGabriel/WARNING/linkextractor: Status inesperado 0 para https://redis.io/
[2026-05-15 19:21:14,731] JoaoGabriel/WARNING/linkextractor: Status inesperado 0 para https://redis.io/
[2026-05-15 19:21:14,869] JoaoGabriel/WARNING/linkextractor: Status inesperado 0 para https://redis.io/
[2026-05-15 19:21:18,839] JoaoGabriel/INFO/locust.main: --run-time limit reached, shutting down
[2026-05-15 19:21:19,592] JoaoGabriel/INFO/linkextractor: ============================================================
[2026-05-15 19:21:19,593] JoaoGabriel/INFO/linkextractor:   TESTE FINALIZADO
[2026-05-15 19:21:19,593] JoaoGabriel/INFO/linkextractor:   Acesse http://localhost:8089 para ver os resultados
[2026-05-15 19:21:19,593] JoaoGabriel/INFO/linkextractor:   Ou use --csv <prefixo> para exportar automaticamente
[2026-05-15 19:21:19,594] JoaoGabriel/INFO/linkextractor: ============================================================
[2026-05-15 19:21:19,596] JoaoGabriel/INFO/locust.main: Shutting down (exit code 1)
Type     Name                                                                          # reqs      # fails |    Avg     Min     Max    Med |   req/s  failures/s
--------|----------------------------------------------------------------------------|-------|-------------|-------|-------|-------|-------|--------|-----------
GET      GET /api/ -> http://example.com/                                                 374     0(0.00%) |  12796      84   27616  16000 |    3.15        0.00
GET      GET /api/ -> https://books.toscrape.com/                                         361     0(0.00%) |  16724    1020   29309  19000 |    3.04        0.00
GET      GET /api/ -> https://docs.docker.com/                                            119     0(0.00%) |  14594    1838   29177  17000 |    1.00        0.00
GET      GET /api/ -> https://flask.palletsprojects.com/                                   91     0(0.00%) |  14921    2435   28674  17000 |    0.77        0.00
GET      GET /api/ -> https://github.com/ibnesayeed/linkextractor                          41     0(0.00%) |  20894   14308   29094  20000 |    0.34        0.00
GET      GET /api/ -> https://httpbin.org/                                                261     2(0.77%) |  16182     828   28882  18000 |    2.20        0.02
GET      GET /api/ -> https://locust.io/                                                   52     0(0.00%) |  16412    5925   28753  18000 |    0.44        0.00
GET      GET /api/ -> https://redis.io/                                                    70     0(0.00%) |  18903    5245   30021  22000 |    0.59        0.00
GET      GET /api/ -> https://training.play-with-docker.com/                               29     0(0.00%) |  19510   14831   27592  18000 |    0.24        0.00
GET      GET /api/ -> https://www.python.org/                                             185     0(0.00%) |  17151    1980   29351  19000 |    1.56        0.00
--------|----------------------------------------------------------------------------|-------|-------------|-------|-------|-------|-------|--------|-----------
         Aggregated                                                                      1583     2(0.13%) |  15738      84   30021  18000 |   13.31        0.02

Response time percentiles (approximated)
Type     Name                                                                                  50%    66%    75%    80%    90%    95%    98%    99%  99.9% 99.99%   100% # reqs
--------|--------------------------------------------------------------------------------|--------|------|------|------|------|------|------|------|------|------|------|------
GET      GET /api/ -> http://example.com/                                                    16000  17000  18000  18000  19000  21000  23000  27000  28000  28000  28000    374
GET      GET /api/ -> https://books.toscrape.com/                                            19000  20000  22000  23000  27000  28000  29000  29000  29000  29000  29000    361
GET      GET /api/ -> https://docs.docker.com/                                               17000  19000  19000  24000  28000  28000  29000  29000  29000  29000  29000    119
GET      GET /api/ -> https://flask.palletsprojects.com/                                     17000  20000  21000  24000  28000  28000  28000  29000  29000  29000  29000     91
GET      GET /api/ -> https://github.com/ibnesayeed/linkextractor                            20000  23000  25000  25000  25000  26000  29000  29000  29000  29000  29000     41
GET      GET /api/ -> https://httpbin.org/                                                   18000  20000  23000  23000  27000  28000  28000  29000  29000  29000  29000    261
GET      GET /api/ -> https://locust.io/                                                     18000  19000  20000  20000  24000  27000  28000  29000  29000  29000  29000     52
GET      GET /api/ -> https://redis.io/                                                      22000  23000  24000  24000  30000  30000  30000  30000  30000  30000  30000     70
GET      GET /api/ -> https://training.play-with-docker.com/                                 18000  20000  21000  22000  27000  27000  28000  28000  28000  28000  28000     29
GET      GET /api/ -> https://www.python.org/                                                19000  21000  24000  28000  29000  29000  29000  29000  29000  29000  29000    185
--------|--------------------------------------------------------------------------------|--------|------|------|------|------|------|------|------|------|------|------|------
         Aggregated                                                                          18000  19000  21000  23000  27000  28000  29000  29000  30000  30000  30000   1583

Error report
# occurrences      Error                                                                                               
------------------|---------------------------------------------------------------------------------------------------------------------------------------------
2                  GET GET /api/ -> https://httpbin.org/: Erro interno do servidor (500) para https://httpbin.org/     
------------------|---------------------------------------------------------------------------------------------------------------------------------------------


[Locust] Iniciando teste contra: http://localhost:5001


[Locust] Teste concluído. Verifique os resultados na UI.

